<?xml version="1.0" encoding="utf-8"?>
<TestRun id="d0776917-f28e-4556-9ef5-b564b27d9128" name="aj551@DESKTOP-2IA2V6V 2021-01-23 14:52:21" runUser="DESKTOP-2IA2V6V\aj551" xmlns="http://microsoft.com/schemas/VisualStudio/TeamTest/2010">
  <Times creation="2021-01-23T14:52:21.0387230-05:00" queuing="2021-01-23T14:52:21.0387242-05:00" start="2021-01-23T14:52:20.8870476-05:00" finish="2021-01-23T14:52:21.0401840-05:00" />
  <TestSettings name="default" id="2463e727-5cd4-4fd2-811e-275b33b3eb36">
    <Deployment runDeploymentRoot="aj551_DESKTOP-2IA2V6V_2021-01-23_14_52_21" />
  </TestSettings>
  <TestLists>
    <TestList name="Results Not in a List" id="8c84fa94-04c1-424b-9868-57a2d4851a1d" />
    <TestList name="All Loaded Results" id="19431567-8539-422a-85d7-44ee4e166bda" />
  </TestLists>
  <ResultSummary outcome="Failed">
    <Counters total="0" executed="0" passed="0" failed="0" error="0" timeout="0" aborted="0" inconclusive="0" passedButRunAborted="0" notRunnable="0" notExecuted="0" disconnected="0" warning="0" completed="0" inProgress="0" pending="0" />
    <RunInfos>
      <RunInfo computerName="DESKTOP-2IA2V6V" outcome="Error" timestamp="2021-01-23T14:52:21.0085427-05:00">
        <Text>Unable to find C:\Users\aj551\Documents\git\GotifyDesktop\GotifyDesktop\bin\Debug\netcoreapp3.1\testhost.dll. Please publish your test project and retry.</Text>
      </RunInfo>
    </RunInfos>
  </ResultSummary>
</TestRun>